{
  "REQUEST": {
    "SERVICE": "subscription.get",
    "FILTER": {
      "SUBSCRIPTION_ID": 123
    },
    "LIMIT": 100
  },
  "RESPONSE": {
    "SUBSCRIPTIONS": [
      {
        "SUBSCRIPTION_ID": 123,
        "CUSTOMER_ID": 321,
        "SUBSCRIPTION_TITLE": "title",
        "CANCELLATION_DATE": "2016-01-28 16:56:22"
      }
    ]
  }
}