{
  "REQUEST": {
    "SERVICE": "subscription.get",
    "FILTER": [],
    "LIMIT": 100
  },
  "RESPONSE": {
    "SUBSCRIPTIONS": [
      {
        "SUBSCRIPTION_ID": 501982,
        "CUSTOMER_ID": 995443,
        "SUBSCRIPTION_TITLE": "title",
        "CANCELLATION_DATE": "2016-01-28 16:56:22"
      }
    ]
  }
}