{
  "REQUEST": {
    "SERVICE": "subscription.getusagedata",
    "FILTER": {
      "LIMIT": 100,
      "SUBSCRIPTION_ID": "503772"
    }
  },
  "RESPONSE": {
    "ITEMS": []
  }
}