{
  "REQUEST": {
    "SERVICE": "subscription.reactivate",
    "FILTER": {
      "SUBSCRIPTION_ID": "501982"
    }
  }
}