{
  "SERVICE": "subscription.reactivate",
  "FILTER": {
    "LIMIT": 100,
    "SUBSCRIPTION_ID": 501982
  }
}