{
  "SERVICE": "subscription.createsecurelink",
  "DATA": {
    "LIMIT": 100,
    "SUBSCRIPTION_ID": 501982
  }
}