{
  "SERVICE": "subscription.create",
  "DATA": {
    "LIMIT": 100,
    "CUSTOMER_ID": 996423,
    "X_ATTRIBUTES": [],
    "ARTICLE_NUMBER": "60"
  }
}