{
  "SERVICE": "customer.get",
  "FILTER": {
    "CUSTOMER_EXT_UID": "1"
  },
  "LIMIT": 100
}