{
  "SERVICE": "customer.delete",
  "DATA": {
    "LIMIT": 100,
    "CUSTOMER_ID": 996423
  }
}