{
  "SERVICE": "customer.create",
  "DATA": {
    "CUSTOMER_ID": 995443,
    "CUSTOMER_EXT_UID": "333",
    "CUSTOMER_NUMBER": 16,
    "DAYS_FOR_PAYMENT": 14,
    "CREATED": "2015-10-23 12:17:13",
    "PAYMENT_TYPE": 1,
    "BANK_NAME": "Banky",
    "BANK_ACCOUNT_NUMBER": "123456",
    "BANK_CODE": "BKY",
    "BANK_ACCOUNT_OWNER": "World",
    "BANK_IBAN": "WBKY123456",
    "BANK_BIC": "WBKY",
    "BANK_ACCOUNT_OWNER_ADDRESS": "Bank owner address",
    "BANK_ACCOUNT_OWNER_CITY": "Bank owner city",
    "BANK_ACCOUNT_OWNER_ZIPCODE": "Bank owner zip",
    "BANK_ACCOUNT_OWNER_EMAIL": "Bank owner email",
    "BANK_ACCOUNT_MANDATE_REFERENCE": "man_ref",
    "SHOW_PAYMENT_NOTICE": false,
    "CUSTOMER_TYPE": "business",
    "NEWSLETTER_OPTIN": false,
    "AFFILIATE": "together",
    "HASH": "8f2cb48d081fa6e01a7a06714008f734",
    "BANK_ACCOUNT_MANDATE_REFERENCE_DATE": "2015-11-06 00:15:00",
    "ORGANIZATION": "Test 11",
    "TITLE_ACADEMIC": "Prof.",
    "SALUTATION": "Salut",
    "FIRST_NAME": "Testing",
    "LAST_NAME": "Tester",
    "ADDRESS": "Spaldingstrasse 210",
    "ADDRESS_2": "Et.4",
    "ZIPCODE": "20097",
    "CITY": "Hamburg",
    "COUNTRY_CODE": "DE",
    "SECONDARY_ADDRESS": "Second address",
    "STATE": "State",
    "PHONE": "phone",
    "FAX": "fax",
    "EMAIL": "test@test.com",
    "EMAIL_CC": "test_cc@test.com",
    "BIRTHDAY": "1983-04-27",
    "PAYMENT_MAIL_ADDRESS": "pay address",
    "VAT_ID": "vat_id",
    "TAX_ID": "tax_id",
    "CURRENCY_CODE": "EUR",
    "COMMENT": "are you talking to me?",
    "LASTUPDATE": "2015-10-24 13:18:14",
    "TAGS": "tag1, tag2",
    "LANGUAGE_CODE": "de",
    "CREDIT_BALANCE": "1,00",
    "INVOICE_DELIVERY_METHOD": "mail"
  }
}