{
  "SERVICE": "article.get",
  "FILTER": {
    "LIMIT": 1,
    "ARTICLE_NUMBER": "NON-EXISTING"
  }
}