{
  "SERVICE": "article.get",
  "FILTER": {
    "LIMIT": 100,
    "ARTICLE_NUMBER": "666"
  }
}