{
  "REQUEST": {
    "SERVICE": "coupon.check",
    "DATA": {
      "CODE": "424258989"
    }
  },
  "RESPONSE": {
    "STATUS": "invalid"
  }
}