{
  "SERVICE": "coupon.get",
  "FILTER": {
    "LIMIT": 100,
    "CODE": "424258989"
  }
}