{
  "SERVICE": "coupon.check",
  "DATA": {
    "LIMIT": 100,
    "CODE": "424258989"
  }
}